#-------------------------------------------------------------------------------
# EpiScanGIS Web Surveillance, UMN Mapserver (WMS) MAP file
#
# Copyright ©2005 Markus Reinhardt - All Rights Reserved.
# Author: Markus Reinhardt <m.reinhardt[at]bitmap-friends.de>
#-------------------------------------------------------------------------------

#-------------------------------------------------------------------------------
# cold cyan websafe gradient (5 values)
# COLOR 0 255 255
# COLOR 0 204 255
# COLOR 0 153 255
# COLOR 0 102 255
# COLOR 0 51 255
# 
# approx. harmonising colors:
#  COLOR 255 0 255
#  COLOR 255 255 0
#  COLOR 255 102 0
#  COLOR 255 0 0
#-------------------------------------------------------------------------------

MAP
  INCLUDE "meningo-header.inc"
  
  # INCLUDE "layer-cloudtest.inc"
  
  INCLUDE "layer-popdensity.inc"
    
  INCLUDE "layer-incidence.inc"
  
  INCLUDE "layer-border.inc"
  
  # INCLUDE "layer-finetypes.inc"
  
  INCLUDE "layer-serogroups.inc"
  
  INCLUDE "layer-cities.inc"
  
  # INCLUDE "layer-citynames.inc"
  
END # end of map file/object
